[backblue.gif]
[fade.gif]
[index.html]
[www.google-analytics.com/analytics.js]
[www.kawashima-pack.co.jp/img/spacer.gif]
[www.kawashima-pack.co.jp/img/rogon.gif]
[www.kawashima-pack.co.jp/img/englishbtn.gif]
[www.kawashima-pack.co.jp/img/menu001.gif]
[www.kawashima-pack.co.jp/img/menu002.gif]
[www.kawashima-pack.co.jp/img/menu003.gif]
[www.kawashima-pack.co.jp/img/menu004.gif]
[www.kawashima-pack.co.jp/img/menu005.gif]
[www.kawashima-pack.co.jp/img/menu006.gif]
[www.kawashima-pack.co.jp/img/menu007.gif]
[www.kawashima-pack.co.jp/img/menu008.gif]
[www.kawashima-pack.co.jp/img/linen.gif]
[www.kawashima-pack.co.jp/img/bgline.gif]
[www.kawashima-pack.co.jp/img/leftmenu01.gif]
[www.kawashima-pack.co.jp/img/leftmenu02.gif]
[www.kawashima-pack.co.jp/img/leftmenu03.gif]
[www.kawashima-pack.co.jp/img/leftmenu04.gif]
[www.kawashima-pack.co.jp/img/leftmenu05.gif]
[www.kawashima-pack.co.jp/img/add.gif]
[www.kawashima-pack.co.jp/img/kawashima-v3.swf]
[www.kawashima-pack.co.jp/Scripts/expressInstall.swf]
[www.adobe.com/images/shared/download_buttons/get_flash_player.gif]
[www.kawashima-pack.co.jp/img/topics.gif]
[www.kawashima-pack.co.jp/img/red.gif]
[www.kawashima-pack.co.jp/img/GW-7_02_ss.jpg]
[www.kawashima-pack.co.jp/img/KBF-7000V-s.jpg]
[www.kawashima-pack.co.jp/img/xe-s.jpg]
[www.kawashima-pack.co.jp/img/KBF-700e-s.jpg]
[www.kawashima-pack.co.jp/img/copyright.gif]
[www.kawashima-pack.co.jp/img/privacy.gif]
[www.kawashima-pack.co.jp/index.html]
[www.kawashima-pack.co.jp/js/css.js]
[www.kawashima-pack.co.jp/Scripts/swfobject_modified.js]
[www.kawashima-pack.co.jp/eng/index.html]
[www.kawashima-pack.co.jp/index-2.html]
[www.kawashima-pack.co.jp/profile.html]
[www.kawashima-pack.co.jp/relation.html]
[www.kawashima-pack.co.jp/history.html]
[www.kawashima-pack.co.jp/ayumi.html]
[www.kawashima-pack.co.jp/tenjikai.html]
[www.kawashima-pack.co.jp/recruit.html]
[www.kawashima-pack.co.jp/inquiry.html]
[www.kawashima-pack.co.jp/kbf-t.html]
[www.kawashima-pack.co.jp/kbf-y.html]
[www.kawashima-pack.co.jp/gw.html]
[www.kawashima-pack.co.jp/dan.html]
[www.kawashima-pack.co.jp/cup.html]
[www.kawashima-pack.co.jp/profile-top.html]
[www.kawashima-pack.co.jp/gw-7.html]
[www.kawashima-pack.co.jp/kbf-7000v.html]
[www.kawashima-pack.co.jp/kbf-6000xe.html]
[www.kawashima-pack.co.jp/kbf-700e.html]
[www.kawashima-pack.co.jp/privacy.html]
[www.kawashima-pack.co.jp/eng/img/spacer.gif]
[www.kawashima-pack.co.jp/eng/img/rogo.gif]
[www.kawashima-pack.co.jp/eng/img/agbtn01.gif]
[www.kawashima-pack.co.jp/eng/img/japanese.gif]
[www.kawashima-pack.co.jp/eng/img/line.gif]
[www.kawashima-pack.co.jp/eng/img/menu01.gif]
[www.kawashima-pack.co.jp/eng/img/menu02.gif]
[www.kawashima-pack.co.jp/eng/img/menu03.gif]
[www.kawashima-pack.co.jp/eng/img/menu04new.gif]
[www.kawashima-pack.co.jp/eng/img/menu04.gif]
[www.kawashima-pack.co.jp/eng/navi.html]
[www.kawashima-pack.co.jp/eng/data.html]
[www.kawashima-pack.co.jp/profile-top/attodetl.files/logo.gif]
[www.kawashima-pack.co.jp/profile-top/attodetl.files/form.gif]
[www.kawashima-pack.co.jp/profile-top/attodetl.files/goaisatsu2-0.jpg]
[www.kawashima-pack.co.jp/profile-top/profile-top.html]
[www.kawashima-pack.co.jp/profile-top/relation.html]
[www.kawashima-pack.co.jp/profile-top/attodetl.files/JapanPackAwards2009.jpg]
[www.kawashima-pack.co.jp/profile-top/attodetl.files/JAPANPACKAWARDS2013.jpg]
[www.kawashima-pack.co.jp/profile-top/history.html]
[www.kawashima-pack.co.jp/ayumi-top/attodetl.files/logo.gif]
[www.kawashima-pack.co.jp/ayumi-top/attodetl.files/form.gif]
[www.kawashima-pack.co.jp/ayumi-top/ayumi-top.html]
[www.kawashima-pack.co.jp/tenjikai-top/attodetl.files/logo.gif]
[www.kawashima-pack.co.jp/tenjikai-top/attodetl.files/form.gif]
[www.kawashima-pack.co.jp/tenjikai-top/attodetl.files/20170613.jpg]
[www.kawashima-pack.co.jp/tenjikai-top/attodetl.files/fooma2016banner_150_200.gif]
[www.kawashima-pack.co.jp/tenjikai-top/attodetl.files/20160607-1.jpg]
[www.kawashima-pack.co.jp/tenjikai-top/attodetl.files/20160607-2.jpg]
[www.kawashima-pack.co.jp/tenjikai-top/attodetl.files/201510-1.jpg]
[www.kawashima-pack.co.jp/tenjikai-top/attodetl.files/201510-2.jpg]
[www.kawashima-pack.co.jp/tenjikai-top/attodetl.files/fooma2015banner_150_200.gif]
[www.kawashima-pack.co.jp/tenjikai-top/attodetl.files/20150612-1.jpg]
[www.kawashima-pack.co.jp/tenjikai-top/attodetl.files/20150612-2.jpg]
[www.kawashima-pack.co.jp/tenjikai-top/attodetl.files/20150218.png]
[www.kawashima-pack.co.jp/tenjikai-top/attodetl.files/20150218-1.jpg]
[www.kawashima-pack.co.jp/tenjikai-top/attodetl.files/20150218-2.jpg]
[www.kawashima-pack.co.jp/tenjikai-top/attodetl.files/FOOMA%20JAPAN%202014_02.jpg]
[www.kawashima-pack.co.jp/tenjikai-top/attodetl.files/20140613-1.jpg]
[www.kawashima-pack.co.jp/tenjikai-top/attodetl.files/20140613-2.jpg]
[www.kawashima-pack.co.jp/tenjikai-top/attodetl.files/banner-jp-2013.jpg]
[www.kawashima-pack.co.jp/tenjikai-top/attodetl.files/20131018.jpg]
[www.kawashima-pack.co.jp/tenjikai-top/attodetl.files/fooma2013banner_150_200.gif]
[www.kawashima-pack.co.jp/tenjikai-top/attodetl.files/20130614-1.jpg]
[www.kawashima-pack.co.jp/tenjikai-top/attodetl.files/20130614-2.jpg]
[www.kawashima-pack.co.jp/tenjikai-top/attodetl.files/20130614-3.jpg]
[www.kawashima-pack.co.jp/tenjikai-top/attodetl.files/20130306-09.gif]
[www.kawashima-pack.co.jp/tenjikai-top/tenjikai-top.html]
[www.kawashima-pack.co.jp/recruit-top/attodetl.files/logo.gif]
[www.kawashima-pack.co.jp/recruit-top/attodetl.files/form.gif]
[www.kawashima-pack.co.jp/recruit-top/recruit-top.html]
[www.kawashima-pack.co.jp/soudan-top/attodetl.files/logo.gif]
[www.kawashima-pack.co.jp/soudan-top/attodetl.files/form.gif]
[www.kawashima-pack.co.jp/soudan-top/soudan-top.html]
[www.kawashima-pack.co.jp/kbf-top/attodetl.files/logo.gif]
[www.kawashima-pack.co.jp/kbf-top/attodetl.files/form.gif]
[www.kawashima-pack.co.jp/kbf-top/attodetl.files/KBF-6000_index.jpg]
[www.kawashima-pack.co.jp/kbf-top/attodetl.files/KBF6000-XR_index.jpg]
[www.kawashima-pack.co.jp/kbf-top/attodetl.files/KBF6000Xe_index.jpg]
[www.kawashima-pack.co.jp/kbf-top/attodetl.files/KBF-6151G1_index.jpg]
[www.kawashima-pack.co.jp/kbf-top/attodetl.files/KBF-6100_index.jpg]
[www.kawashima-pack.co.jp/kbf-top/attodetl.files/KBF-6200_index.jpg]
[www.kawashima-pack.co.jp/kbf-top/attodetl.files/KBF-2000_index.jpg]
[www.kawashima-pack.co.jp/kbf-top/attodetl.files/KBF-6_index.jpg]
[www.kawashima-pack.co.jp/kbf-top/attodetl.files/KBF-6K3_index.jpg]
[www.kawashima-pack.co.jp/kbf-top/attodetl.files/KBF-63_index.jpg]
[www.kawashima-pack.co.jp/kbf-top/attodetl.files/KBF-6151G2_index.jpg]
[www.kawashima-pack.co.jp/kbf-top/attodetl.files/KBF-6391G2_index.jpg]
[www.kawashima-pack.co.jp/kbf-top/kbf-top.html]
[www.kawashima-pack.co.jp/kbf-y-top/attodetl.files/logo.gif]
[www.kawashima-pack.co.jp/kbf-y-top/attodetl.files/form.gif]
[www.kawashima-pack.co.jp/kbf-y-top/attodetl.files/GW-7_02_s.jpg]
[www.kawashima-pack.co.jp/kbf-y-top/attodetl.files/KBF-7000V_index.jpg]
[www.kawashima-pack.co.jp/kbf-y-top/attodetl.files/KBF-700e_index.jpg]
[www.kawashima-pack.co.jp/kbf-y-top/attodetl.files/KBF70_index.jpg]
[www.kawashima-pack.co.jp/kbf-y-top/attodetl.files/KBF-1000-b_index.jpg]
[www.kawashima-pack.co.jp/kbf-y-top/attodetl.files/KBF-1000-2_index.jpg]
[www.kawashima-pack.co.jp/kbf-y-top/attodetl.files/KBF-371_index.jpg]
[www.kawashima-pack.co.jp/kbf-y-top/attodetl.files/KBF-7400Z_index.jpg]
[www.kawashima-pack.co.jp/kbf-y-top/attodetl.files/KBF-7001E_index.jpg]
[www.kawashima-pack.co.jp/kbf-y-top/attodetl.files/KBF-7500_index.jpg]
[www.kawashima-pack.co.jp/kbf-y-top/attodetl.files/KBF-7502F_index.jpg]
[www.kawashima-pack.co.jp/kbf-y-top/attodetl.files/KBF-71_index.jpg]
[www.kawashima-pack.co.jp/kbf-y-top/attodetl.files/KBF-750_index.jpg]
[www.kawashima-pack.co.jp/kbf-y-top/kbf-y-top.html]
[www.kawashima-pack.co.jp/gw-top/attodetl.files/logo.gif]
[www.kawashima-pack.co.jp/gw-top/attodetl.files/form.gif]
[www.kawashima-pack.co.jp/gw-top/attodetl.files/GW-22MC_index.jpg]
[www.kawashima-pack.co.jp/gw-top/attodetl.files/GW-4KMC_index.jpg]
[www.kawashima-pack.co.jp/gw-top/attodetl.files/KXG4000_index.jpg]
[www.kawashima-pack.co.jp/gw-top/gw-top.html]
[www.kawashima-pack.co.jp/dan-top/attodetl.files/logo.gif]
[www.kawashima-pack.co.jp/dan-top/attodetl.files/form.gif]
[www.kawashima-pack.co.jp/dan-top/attodetl.files/KBC-900_index.jpg]
[www.kawashima-pack.co.jp/dan-top/attodetl.files/KBC-92_index.jpg]
[www.kawashima-pack.co.jp/dan-top/attodetl.files/KBC-85_index.jpg]
[www.kawashima-pack.co.jp/dan-top/attodetl.files/KTE_index.jpg]
[www.kawashima-pack.co.jp/dan-top/dan-top.html]
[www.kawashima-pack.co.jp/cup-top/attodetl.files/logo.gif]
[www.kawashima-pack.co.jp/cup-top/attodetl.files/form.gif]
[www.kawashima-pack.co.jp/cup-top/attodetl.files/CSA-30_index.jpg]
[www.kawashima-pack.co.jp/cup-top/cup-top.html]
[www.kawashima-pack.co.jp/profile-top/profile-top-top.html]
[www.kawashima-pack.co.jp/kbf-y-top-at/attodetl.files/logo.gif]
[www.kawashima-pack.co.jp/kbf-y-top-at/attodetl.files/form.gif]
[www.kawashima-pack.co.jp/kbf-y-top-at/attodetl.files/GW-7_02.jpg]
[www.kawashima-pack.co.jp/kbf-y-top-at/GW-7.html]
[www.kawashima-pack.co.jp/kbf-y-top-at/attodetl.files/KBF-7000V.jpg]
[www.kawashima-pack.co.jp/kbf-y-top-at/KBF-7000V.html]
[www.kawashima-pack.co.jp/kbf-top-at/attodetl.files/logo.gif]
[www.kawashima-pack.co.jp/kbf-top-at/attodetl.files/form.gif]
[www.kawashima-pack.co.jp/kbf-top-at/attodetl.files/KBF6000Xe.jpg]
[www.kawashima-pack.co.jp/kbf-top-at/attodetl.files/JapanPackAwards2009.jpg]
[www.kawashima-pack.co.jp/kbf-top-at/KBF-6000-Xe.html]
[www.kawashima-pack.co.jp/kbf-y-top-at/attodetl.files/KBF-700e.jpg]
[www.kawashima-pack.co.jp/kbf-y-top-at/attodetl.files/KBF-700e-2.jpg]
[www.kawashima-pack.co.jp/kbf-y-top-at/KBF-700e.html]
[www.kawashima-pack.co.jp/privacy-top/privacy.files/logo.gif]
[www.kawashima-pack.co.jp/privacy-top/privacy.files/form.gif]
[www.kawashima-pack.co.jp/privacy-top/privacy-top.html]
[www.kawashima-pack.co.jp/inquiry_e_ad/form_kawa_e_ad_files/dot-r.gif]
[www.kawashima-pack.co.jp/inquiry_e_ad/form_kawa_e_ad_files/dot-g.gif]
[www.kawashima-pack.co.jp/inquiry_e_ad/form_kawa_e_ad.html]
[www.kawashima-pack.co.jp/eng/company.files/logo.gif]
[www.kawashima-pack.co.jp/eng/company.files/form.gif]
[www.kawashima-pack.co.jp/eng/company.files/spacer.gif]
[www.kawashima-pack.co.jp/eng/Outline.html]
[www.kawashima-pack.co.jp/eng/company.files/dot1.gif]
[www.kawashima-pack.co.jp/eng/MD-M.html]
[www.kawashima-pack.co.jp/eng/company.files/tr_spirit.jpg]
[www.kawashima-pack.co.jp/eng/company.files/lo_spirit.gif]
[www.kawashima-pack.co.jp/eng/company.files/tr_trust.jpg]
[www.kawashima-pack.co.jp/eng/company.files/lo_trust.gif]
[www.kawashima-pack.co.jp/eng/company.files/tr_culture.jpg]
[www.kawashima-pack.co.jp/eng/company.files/lo_culture.gif]
[www.kawashima-pack.co.jp/eng/company.files/tr_vision.jpg]
[www.kawashima-pack.co.jp/eng/company.files/lo_vision.gif]
[www.kawashima-pack.co.jp/eng/top.html]
[www.kawashima-pack.co.jp/eng/img/bgline.gif]
[www.kawashima-pack.co.jp/eng/img/contents.gif]
[www.kawashima-pack.co.jp/eng/img/sub02.jpg]
[www.kawashima-pack.co.jp/eng/img/sub01.jpg]
[www.kawashima-pack.co.jp/eng/img/sub03.jpg]
[www.kawashima-pack.co.jp/eng/img/sub04.jpg]
[www.kawashima-pack.co.jp/eng/img/sub05.jpg]
[www.kawashima-pack.co.jp/eng/img/addnew.gif]
[www.kawashima-pack.co.jp/eng/menu.html]
[www.kawashima-pack.co.jp/eng/attopics.files/spacer.gif]
[www.kawashima-pack.co.jp/eng/attopics.files/newtop01.jpg]
[www.kawashima-pack.co.jp/eng/attopics.files/kawanavi.gif]
[www.kawashima-pack.co.jp/eng/attopics.files/Top-Tate.gif]
[www.kawashima-pack.co.jp/eng/attopics.files/Top-Ue.gif]
[www.kawashima-pack.co.jp/eng/attopics.files/H-pillow.gif]
[www.kawashima-pack.co.jp/eng/attopics.files/topics.gif]
[www.kawashima-pack.co.jp/eng/attopics.files/red.gif]
[www.kawashima-pack.co.jp/eng/attopics.files/copyright.gif]
[www.kawashima-pack.co.jp/eng/attopics.html]
[www.kawashima-pack.co.jp/inquiry_ad/form_kawa_ad.html]
[www.kawashima-pack.co.jp/profile-top/policy.html]
[www.kawashima-pack.co.jp/profile-top/attodetl.files/kawashima.jpg]
[www.kawashima-pack.co.jp/profile-top/attodetl.files/shikoku.jpg]
[www.kawashima-pack.co.jp/profile-top/profile-2.html]
[www.kawashima-pack.co.jp/recruit-top/recruit-2.html]
[www.kawashima-pack.co.jp/kbf-top-at/attodetl.files/KBF-6000.jpg]
[www.kawashima-pack.co.jp/kbf-top-at/KBF-6000.html]
[www.kawashima-pack.co.jp/kbf-top-at/attodetl.files/KBF6000-XR.jpg]
[www.kawashima-pack.co.jp/kbf-top-at/KBF-6000-XR.html]
[www.kawashima-pack.co.jp/kbf-top-at/attodetl.files/KBF-6151G1.jpg]
[www.kawashima-pack.co.jp/kbf-top-at/KBF-6151G1.html]
[www.kawashima-pack.co.jp/kbf-top-at/attodetl.files/KBF-6100.jpg]
[www.kawashima-pack.co.jp/kbf-top-at/KBF-6100.html]
[www.kawashima-pack.co.jp/kbf-top-at/attodetl.files/KBF-6200.jpg]
[www.kawashima-pack.co.jp/kbf-top-at/KBF-6200.html]
[www.kawashima-pack.co.jp/kbf-top-at/attodetl.files/KBF-2000.jpg]
[www.kawashima-pack.co.jp/kbf-top-at/KBF-2000.html]
[www.kawashima-pack.co.jp/kbf-top-at/attodetl.files/KBF-6.jpg]
[www.kawashima-pack.co.jp/kbf-top-at/KBF-6.html]
[www.kawashima-pack.co.jp/kbf-top-at/attodetl.files/KBF-6K3.jpg]
[www.kawashima-pack.co.jp/kbf-top-at/KBF-6K3.html]
[www.kawashima-pack.co.jp/kbf-top-at/attodetl.files/KBF-63.jpg]
[www.kawashima-pack.co.jp/kbf-top-at/KBF-63.html]
[www.kawashima-pack.co.jp/kbf-top-at/attodetl.files/KBF-6151G2.jpg]
[www.kawashima-pack.co.jp/kbf-top-at/KBF-6151G2.html]
[www.kawashima-pack.co.jp/kbf-top-at/attodetl.files/KBF-6391G2.jpg]
[www.kawashima-pack.co.jp/kbf-top-at/attodetl.files/flex.jpg]
[www.kawashima-pack.co.jp/kbf-top-at/KBF-6391G2.html]
[www.kawashima-pack.co.jp/kbf-y-top-at/attodetl.files/KBF70.jpg]
[www.kawashima-pack.co.jp/kbf-y-top-at/KBF-70.html]
[www.kawashima-pack.co.jp/kbf-y-top-at/attodetl.files/KBF-1000-b.jpg]
[www.kawashima-pack.co.jp/kbf-y-top-at/KBF-1000-b.html]
[www.kawashima-pack.co.jp/kbf-y-top-at/attodetl.files/KBF-1000-2.jpg]
[www.kawashima-pack.co.jp/kbf-y-top-at/KBF-1000.html]
[www.kawashima-pack.co.jp/kbf-y-top-at/attodetl.files/KBF-371.jpg]
[www.kawashima-pack.co.jp/kbf-y-top-at/KBF-371.html]
[www.kawashima-pack.co.jp/kbf-y-top-at/attodetl.files/KBF-7400Z.jpg]
[www.kawashima-pack.co.jp/kbf-y-top-at/KBF-7400Z.html]
[www.kawashima-pack.co.jp/kbf-y-top-at/attodetl.files/KBF-7001E.jpg]
[www.kawashima-pack.co.jp/kbf-y-top-at/KBF-7001E.html]
[www.kawashima-pack.co.jp/kbf-y-top-at/attodetl.files/KBF-7500.jpg]
[www.kawashima-pack.co.jp/kbf-y-top-at/KBF-7500.html]
[www.kawashima-pack.co.jp/kbf-y-top-at/attodetl.files/KBF-7502F.jpg]
[www.kawashima-pack.co.jp/kbf-y-top-at/KBF-7502F.html]
[www.kawashima-pack.co.jp/kbf-y-top-at/attodetl.files/KBF-71.jpg]
[www.kawashima-pack.co.jp/kbf-y-top-at/KBF-71.html]
[www.kawashima-pack.co.jp/kbf-y-top-at/attodetl.files/KBF-750.jpg]
[www.kawashima-pack.co.jp/kbf-y-top-at/KBF-750.html]
[www.kawashima-pack.co.jp/gw-top-at/attodetl.files/logo.gif]
[www.kawashima-pack.co.jp/gw-top-at/attodetl.files/form.gif]
[www.kawashima-pack.co.jp/gw-top-at/attodetl.files/GW-22MC.jpg]
[www.kawashima-pack.co.jp/gw-top-at/GW-22MC.html]
[www.kawashima-pack.co.jp/gw-top-at/attodetl.files/GW-4KMC.jpg]
[www.kawashima-pack.co.jp/gw-top-at/GW-4KMC.html]
[www.kawashima-pack.co.jp/gw-top-at/attodetl.files/KXG4000.jpg]
[www.kawashima-pack.co.jp/gw-top-at/KXG-4000.html]
[www.kawashima-pack.co.jp/dan-top-at/attodetl.files/logo.gif]
[www.kawashima-pack.co.jp/dan-top-at/attodetl.files/form.gif]
[www.kawashima-pack.co.jp/dan-top-at/attodetl.files/KBC-900.jpg]
[www.kawashima-pack.co.jp/dan-top-at/attodetl.files/KBC-900-1.jpg]
[www.kawashima-pack.co.jp/dan-top-at/attodetl.files/KBC-900-2.jpg]
[www.kawashima-pack.co.jp/dan-top-at/KBC-900.html]
[www.kawashima-pack.co.jp/dan-top-at/attodetl.files/KBC-92.jpg]
[www.kawashima-pack.co.jp/dan-top-at/KBC-92.html]
[www.kawashima-pack.co.jp/dan-top-at/attodetl.files/KBC-85.jpg]
[www.kawashima-pack.co.jp/dan-top-at/KBC-85.html]
[www.kawashima-pack.co.jp/dan-top-at/attodetl.files/KTE.jpg]
[www.kawashima-pack.co.jp/dan-top-at/KTE.html]
[www.kawashima-pack.co.jp/cup-top-at/attodetl.files/logo.gif]
[www.kawashima-pack.co.jp/cup-top-at/attodetl.files/form.gif]
[www.kawashima-pack.co.jp/cup-top-at/attodetl.files/CSA-30.jpg]
[www.kawashima-pack.co.jp/cup-top-at/CSA-30.html]
[www.kawashima-pack.co.jp/privacy-top/privacy.files/getseal.js]
[www.kawashima-pack.co.jp/eng/Chronology.html]
[www.kawashima-pack.co.jp/eng/image/bk_wrapping.html]
[www.kawashima-pack.co.jp/eng/contents/attodetl.files/logo.gif]
[www.kawashima-pack.co.jp/eng/contents/attodetl.files/form.gif]
[www.kawashima-pack.co.jp/eng/contents/attodetl.files/KBF6000-XR_index.jpg]
[www.kawashima-pack.co.jp/eng/contents/attodetl.files/dot1.gif]
[www.kawashima-pack.co.jp/eng/contents/attodetl.files/KBF-6000_index.jpg]
[www.kawashima-pack.co.jp/eng/contents/attodetl.files/KBF6000Xe_index.jpg]
[www.kawashima-pack.co.jp/eng/contents/attodetl.files/KBF-670_index.jpg]
[www.kawashima-pack.co.jp/eng/contents/attodetl.files/KBF-6_index.jpg]
[www.kawashima-pack.co.jp/eng/contents/attodetl.files/KBF-11V5_index.jpg]
[www.kawashima-pack.co.jp/eng/contents/attodetl.files/KBF-6151G2_index.jpg]
[www.kawashima-pack.co.jp/eng/contents/attodetl.files/KBF-6100_index.jpg]
[www.kawashima-pack.co.jp/eng/contents/attodetl.files/KBF-6200_index.jpg]
[www.kawashima-pack.co.jp/eng/contents/KBF-6000G-s.html]
[www.kawashima-pack.co.jp/eng/contents/attodetl.files/KBF-700e_index.jpg]
[www.kawashima-pack.co.jp/eng/contents/attodetl.files/KBF-1000_index.jpg]
[www.kawashima-pack.co.jp/eng/contents/attodetl.files/KBF-7001E_index.jpg]
[www.kawashima-pack.co.jp/eng/contents/attodetl.files/KBF-7011E_index.jpg]
[www.kawashima-pack.co.jp/eng/contents/attodetl.files/KBF-7400Z_index.jpg]
[www.kawashima-pack.co.jp/eng/contents/attodetl.files/KBF-750_index.jpg]
[www.kawashima-pack.co.jp/eng/contents/attodetl.files/KBF-371_index.jpg]
[www.kawashima-pack.co.jp/eng/contents/KBF-7000E-s.html]
[www.kawashima-pack.co.jp/eng/contents/attodetl.files/GW-4KMC.jpg]
[www.kawashima-pack.co.jp/eng/contents/GW-4KMC.html]
[www.kawashima-pack.co.jp/eng/contents/attodetl.files/KBC-92.jpg]
[www.kawashima-pack.co.jp/eng/contents/KBC-92.html]
[www.kawashima-pack.co.jp/eng/contents/attodetl.files/form_mail.gif]
[www.kawashima-pack.co.jp/eng/contents/attodetl.files/blockbottom-gusset-non.gif]
[www.kawashima-pack.co.jp/eng/contents/attodetl.files/blockbottom-gusset.gif]
[www.kawashima-pack.co.jp/eng/contents/attodetl.files/hem-blockbottom-gusset.gif]
[www.kawashima-pack.co.jp/eng/contents/attodetl.files/corner-hem-blockbottom-gusset.gif]
[www.kawashima-pack.co.jp/eng/contents/attodetl.files/pyramid.gif]
[www.kawashima-pack.co.jp/eng/contents/attodetl.files/OneSideGussetting.gif]
[www.kawashima-pack.co.jp/eng/contents/attodetl.files/pillow.gif]
[www.kawashima-pack.co.jp/eng/contents/attodetl.files/pillow-zippar.gif]
[www.kawashima-pack.co.jp/eng/contents/attodetl.files/unity-pillow.gif]
[www.kawashima-pack.co.jp/eng/contents/attodetl.files/easy-gusset-non.gif]
[www.kawashima-pack.co.jp/eng/contents/attodetl.files/easy-gusset.gif]
[www.kawashima-pack.co.jp/eng/contents/attodetl.files/unity-easy-gusset-non.gif]
[www.kawashima-pack.co.jp/eng/contents/attodetl.files/3SideCornerSeal.gif]
[www.kawashima-pack.co.jp/eng/contents/attodetl.files/4SideCornerSeal.gif]
[www.kawashima-pack.co.jp/eng/contents/attodetl.files/pillow3-1.gif]
[www.kawashima-pack.co.jp/eng/contents/attodetl.files/pillow3-pok.gif]
[www.kawashima-pack.co.jp/eng/contents/PS_VFFS.html]
[www.kawashima-pack.co.jp/eng/contents/attodetl.files/BunchFold4-001.gif]
[www.kawashima-pack.co.jp/eng/contents/attodetl.files/BunchFold4k-001.gif]
[www.kawashima-pack.co.jp/eng/contents/attodetl.files/ChocolateBarBaseFold-C001.gif]
[www.kawashima-pack.co.jp/eng/contents/attodetl.files/DiamondFold-C001.gif]
[www.kawashima-pack.co.jp/eng/contents/attodetl.files/ChocolateBarBaseFold-T001.gif]
[www.kawashima-pack.co.jp/eng/contents/attodetl.files/DiamondFold-S001.gif]
[www.kawashima-pack.co.jp/eng/contents/attodetl.files/band-C001.gif]
[www.kawashima-pack.co.jp/eng/contents/attodetl.files/BunchFold4k-A001.gif]
[www.kawashima-pack.co.jp/eng/contents/attodetl.files/BunchFold4-001A.gif]
[www.kawashima-pack.co.jp/eng/contents/attodetl.files/BunchFold4-001B.gif]
[www.kawashima-pack.co.jp/eng/contents/attodetl.files/BunchFold4-001C.gif]
[www.kawashima-pack.co.jp/eng/contents/WS.html]
[www.kawashima-pack.co.jp/eng/contents/attodetl.files/H-pillow.gif]
[www.kawashima-pack.co.jp/eng/contents/attodetl.files/H-pillow-r.gif]
[www.kawashima-pack.co.jp/eng/contents/attodetl.files/H-pillow-gusset.gif]
[www.kawashima-pack.co.jp/eng/contents/attodetl.files/H-pillow-gusset-r.gif]
[www.kawashima-pack.co.jp/eng/contents/attodetl.files/H-4side.gif]
[www.kawashima-pack.co.jp/eng/contents/PS_HFFS.html]
[www.kawashima-pack.co.jp/eng/contents/attodetl.files/KBF6000-XR.jpg]
[www.kawashima-pack.co.jp/eng/contents/KBF-6000XR.html]
[www.kawashima-pack.co.jp/eng/contents/attodetl.files/KBF-6000X.jpg]
[www.kawashima-pack.co.jp/eng/contents/KBF-6000X.html]
[www.kawashima-pack.co.jp/eng/contents/KBF-6000Xe.html]
[www.kawashima-pack.co.jp/eng/contents/attodetl.files/KBF6000Xe.jpg]
[www.kawashima-pack.co.jp/eng/contents/attodetl.files/KBF-670.jpg]
[www.kawashima-pack.co.jp/eng/contents/KBF-670.html]
[www.kawashima-pack.co.jp/eng/contents/attodetl.files/KBF-6MP.jpg]
[www.kawashima-pack.co.jp/eng/contents/KBF-6MP.html]
[www.kawashima-pack.co.jp/eng/contents/attodetl.files/KBF-6.jpg]
[www.kawashima-pack.co.jp/eng/contents/KBF-6.html]
[www.kawashima-pack.co.jp/eng/contents/attodetl.files/KBF-11V5.jpg]
[www.kawashima-pack.co.jp/eng/contents/KBF-11V5.html]
[www.kawashima-pack.co.jp/eng/contents/attodetl.files/KBF-6151G2.jpg]
[www.kawashima-pack.co.jp/eng/contents/KBF-6151G2.html]
[www.kawashima-pack.co.jp/eng/contents/attodetl.files/KBF-6100.jpg]
[www.kawashima-pack.co.jp/eng/contents/KBF-6100.html]
[www.kawashima-pack.co.jp/eng/contents/attodetl.files/KBF-6200.jpg]
[www.kawashima-pack.co.jp/eng/contents/KBF-6200.html]
[www.kawashima-pack.co.jp/eng/contents/attodetl.files/KBF-700e-e.jpg]
[www.kawashima-pack.co.jp/eng/contents/attodetl.files/KBF-700e-2-e.jpg]
[www.kawashima-pack.co.jp/eng/contents/KBF-700e.html]
[www.kawashima-pack.co.jp/eng/contents/attodetl.files/KBF-1000.jpg]
[www.kawashima-pack.co.jp/eng/contents/KBF-1000.html]
[www.kawashima-pack.co.jp/eng/contents/attodetl.files/KBF-7001E.jpg]
[www.kawashima-pack.co.jp/eng/contents/KBF-7001E.html]
[www.kawashima-pack.co.jp/eng/contents/attodetl.files/KBF-7011E.jpg]
[www.kawashima-pack.co.jp/eng/contents/KBF-7011E.html]
[www.kawashima-pack.co.jp/eng/contents/attodetl.files/KBF-7400Z.jpg]
[www.kawashima-pack.co.jp/eng/contents/KBF-7400Z.html]
[www.kawashima-pack.co.jp/eng/contents/attodetl.files/KBF-750.jpg]
[www.kawashima-pack.co.jp/eng/contents/KBF-750.html]
[www.kawashima-pack.co.jp/eng/contents/attodetl.files/KBF-371.jpg]
[www.kawashima-pack.co.jp/eng/contents/KBF-371.html]
[www.kawashima-pack.co.jp/eng/contents/attodetl.files/KBF-6K3.jpg]
[www.kawashima-pack.co.jp/eng/contents/KBF-6K3.html]
[www.kawashima-pack.co.jp/eng/contents/KBF-6000G2.html]
[www.kawashima-pack.co.jp/eng/contents/GW-4MC.html]
